  CntDown.cpp
  DG2014_DGObject.cpp
  DG2014_Effect.cpp
  DG2014_Font.cpp
  DG2014_Image.cpp
  DG2014_IndexBuffer.cpp
  DG2014_InputLayout.cpp
  DG2014_Mesh.cpp
  DG2014_MeshSOBFile.cpp
  DG2014_Texture.cpp
  DG2014_Ver3_6.cpp
  DG2014_VertexBuffer.cpp
  DG2014_VertexContainer.cpp
  Dm2008_Ver1_4.cpp
  GameEngine_Ver3_83.cpp
  MyGameMain.cpp
  myLib.cpp
  MyPG.cpp
  player_damege.cpp
  score.cpp
  コードを生成中...
  コンパイル中...
  Task_Ending.cpp
  Task_Game.cpp
  Task_LC.cpp
  Task_Rule.cpp
  Task_Title.cpp
  WinMain.cpp
  XI2018_Ver1_0.cpp
  コードを生成中...
  LINK : 前回のインクリメンタル リンクで C:\就活\Games仮\BIRD FRYING\コードファイル\x64\Debug\GPG_2020.exe が見つからなかったか、ビルドされませんでした。フル リンクを行います。
  GPG_2020.vcxproj -> C:\就活\Games仮\BIRD FRYING\コードファイル\x64\Debug\GPG_2020.exe
