c:\users\cocoh\onedrive\desktop\進級制作\gpg_2020\x64\debug\vc143.pdb
c:\users\cocoh\onedrive\desktop\進級制作\gpg_2020\x64\debug\vc143.idb
c:\users\cocoh\onedrive\desktop\進級制作\gpg_2020\x64\debug\task_ending.obj
c:\users\cocoh\onedrive\desktop\進級制作\gpg_2020\x64\debug\player_damege.obj
c:\users\cocoh\onedrive\desktop\進級制作\gpg_2020\x64\debug\mypg.obj
c:\users\cocoh\onedrive\desktop\進級制作\gpg_2020\x64\debug\mylib.obj
c:\users\cocoh\onedrive\desktop\進級制作\gpg_2020\x64\debug\mygamemain.obj
c:\users\cocoh\onedrive\desktop\進級制作\gpg_2020\x64\debug\gameengine_ver3_83.obj
c:\users\cocoh\onedrive\desktop\進級制作\gpg_2020\x64\debug\dm2008_ver1_4.obj
c:\users\cocoh\onedrive\desktop\進級制作\gpg_2020\x64\debug\dg2014_vertexcontainer.obj
c:\users\cocoh\onedrive\desktop\進級制作\gpg_2020\x64\debug\dg2014_vertexbuffer.obj
c:\users\cocoh\onedrive\desktop\進級制作\gpg_2020\x64\debug\dg2014_ver3_6.obj
c:\users\cocoh\onedrive\desktop\進級制作\gpg_2020\x64\debug\dg2014_texture.obj
c:\users\cocoh\onedrive\desktop\進級制作\gpg_2020\x64\debug\dg2014_meshsobfile.obj
c:\users\cocoh\onedrive\desktop\進級制作\gpg_2020\x64\debug\dg2014_mesh.obj
c:\users\cocoh\onedrive\desktop\進級制作\gpg_2020\x64\debug\dg2014_inputlayout.obj
c:\users\cocoh\onedrive\desktop\進級制作\gpg_2020\x64\debug\dg2014_indexbuffer.obj
c:\users\cocoh\onedrive\desktop\進級制作\gpg_2020\x64\debug\dg2014_image.obj
c:\users\cocoh\onedrive\desktop\進級制作\gpg_2020\x64\debug\dg2014_font.obj
c:\users\cocoh\onedrive\desktop\進級制作\gpg_2020\x64\debug\dg2014_effect.obj
c:\users\cocoh\onedrive\desktop\進級制作\gpg_2020\x64\debug\dg2014_dgobject.obj
c:\users\cocoh\onedrive\desktop\進級制作\gpg_2020\x64\debug\cntdown.obj
c:\users\cocoh\onedrive\desktop\進級制作\gpg_2020\x64\debug\xi2018_ver1_0.obj
c:\users\cocoh\onedrive\desktop\進級制作\gpg_2020\x64\debug\winmain.obj
c:\users\cocoh\onedrive\desktop\進級制作\gpg_2020\x64\debug\task_title.obj
c:\users\cocoh\onedrive\desktop\進級制作\gpg_2020\x64\debug\task_rule.obj
c:\users\cocoh\onedrive\desktop\進級制作\gpg_2020\x64\debug\task_lc.obj
c:\users\cocoh\onedrive\desktop\進級制作\gpg_2020\x64\debug\task_game.obj
c:\users\cocoh\onedrive\desktop\進級制作\gpg_2020\x64\debug\gpg_2020.ilk
c:\users\cocoh\onedrive\desktop\進級制作\x64\debug\gpg_2020.pdb
c:\users\cocoh\onedrive\desktop\進級制作\gpg_2020\x64\debug\gpg_2020.tlog\cl.command.1.tlog
c:\users\cocoh\onedrive\desktop\進級制作\gpg_2020\x64\debug\gpg_2020.tlog\cl.items.tlog
c:\users\cocoh\onedrive\desktop\進級制作\gpg_2020\x64\debug\gpg_2020.tlog\cl.read.1.tlog
c:\users\cocoh\onedrive\desktop\進級制作\gpg_2020\x64\debug\gpg_2020.tlog\cl.write.1.tlog
c:\users\cocoh\onedrive\desktop\進級制作\gpg_2020\x64\debug\gpg_2020.tlog\link.command.1.tlog
c:\users\cocoh\onedrive\desktop\進級制作\gpg_2020\x64\debug\gpg_2020.tlog\link.read.1.tlog
c:\users\cocoh\onedrive\desktop\進級制作\gpg_2020\x64\debug\gpg_2020.tlog\link.read.2.tlog
c:\users\cocoh\onedrive\desktop\進級制作\gpg_2020\x64\debug\gpg_2020.tlog\link.secondary.1.tlog
c:\users\cocoh\onedrive\desktop\進級制作\gpg_2020\x64\debug\gpg_2020.tlog\link.write.1.tlog
